Archive member included because of file (symbol)

c:/winavr/bin/../lib/gcc/avr/4.1.1\libgcc.a(_copy_data.o)
                              SignalDecoder.o (__do_copy_data)
c:/winavr/bin/../lib/gcc/avr/4.1.1\libgcc.a(_clear_bss.o)
                              SignalDecoder.o (__do_clear_bss)
c:/winavr/bin/../lib/gcc/avr/4.1.1/../../../../avr/lib\libc.a(ee_rb.1C1D1E.o)
                              SignalDecoder.o (__eeprom_read_byte_1C1D1E)
c:/winavr/bin/../lib/gcc/avr/4.1.1/../../../../avr/lib\libc.a(ee_wb.1C1D1E.o)
                              SignalDecoder.o (__eeprom_write_byte_1C1D1E)

Allocating common symbols
Common symbol       size              file

MyOpMode            0x1               SignalDecoder.o
hauptsignal_state   0x1               SignalDecoder.o
vorsignal_state     0x1               SignalDecoder.o
ReceivedCommand     0x1               SignalDecoder.o
message             0x6               SignalDecoder.o
MyDelay             0x1               SignalDecoder.o
out_pwm             0x40              SignalDecoder.o
ReceivedAdr         0x2               SignalDecoder.o
AspectTarget        0x1               SignalDecoder.o
message_size        0x1               SignalDecoder.o
cur_dimm            0x1               SignalDecoder.o
dccrec              0x4               SignalDecoder.o

Discarded input sections

 .stabstr       0x00000000        0x0 c:/winavr/bin/../lib/gcc/avr/4.1.1/../../../../avr/lib/crttn2313.o

Memory Configuration

Name             Origin             Length             Attributes
text             0x00000000         0x00002000         xr
data             0x00800060         0x0000ffa0         rw !x
eeprom           0x00810000         0x00010000         rw !x
*default*        0x00000000         0xffffffff

Linker script and memory map

LOAD c:/winavr/bin/../lib/gcc/avr/4.1.1/../../../../avr/lib/crttn2313.o
LOAD SignalDecoder.o
LOAD c:/winavr/bin/../lib/gcc/avr/4.1.1\libgcc.a
LOAD c:/winavr/bin/../lib/gcc/avr/4.1.1/../../../../avr/lib\libc.a
LOAD c:/winavr/bin/../lib/gcc/avr/4.1.1\libgcc.a

.hash
 *(.hash)

.dynsym
 *(.dynsym)

.dynstr
 *(.dynstr)

.gnu.version
 *(.gnu.version)

.gnu.version_d
 *(.gnu.version_d)

.gnu.version_r
 *(.gnu.version_r)

.rel.init
 *(.rel.init)

.rela.init
 *(.rela.init)

.rel.text
 *(.rel.text)
 *(.rel.text.*)
 *(.rel.gnu.linkonce.t*)

.rela.text
 *(.rela.text)
 *(.rela.text.*)
 *(.rela.gnu.linkonce.t*)

.rel.fini
 *(.rel.fini)

.rela.fini
 *(.rela.fini)

.rel.rodata
 *(.rel.rodata)
 *(.rel.rodata.*)
 *(.rel.gnu.linkonce.r*)

.rela.rodata
 *(.rela.rodata)
 *(.rela.rodata.*)
 *(.rela.gnu.linkonce.r*)

.rel.data
 *(.rel.data)
 *(.rel.data.*)
 *(.rel.gnu.linkonce.d*)

.rela.data
 *(.rela.data)
 *(.rela.data.*)
 *(.rela.gnu.linkonce.d*)

.rel.ctors
 *(.rel.ctors)

.rela.ctors
 *(.rela.ctors)

.rel.dtors
 *(.rel.dtors)

.rela.dtors
 *(.rela.dtors)

.rel.got
 *(.rel.got)

.rela.got
 *(.rela.got)

.rel.bss
 *(.rel.bss)

.rela.bss
 *(.rela.bss)

.rel.plt
 *(.rel.plt)

.rela.plt
 *(.rela.plt)

.text           0x00000000      0x746
 *(.vectors)
 .vectors       0x00000000       0x26 c:/winavr/bin/../lib/gcc/avr/4.1.1/../../../../avr/lib/crttn2313.o
                0x00000000                __vectors
                0x00000000                __vector_default
 *(.vectors)
 *(.progmem.gcc*)
 *(.progmem*)
 .progmem.data  0x00000026       0x21 SignalDecoder.o
                0x0000002f                copy
                0x00000026                speed
                0x00000048                . = ALIGN (0x2)
 *fill*         0x00000047        0x1 00
                0x00000048                __trampolines_start = .
 *(.trampolines)
 .trampolines   0x00000048        0x0 linker stubs
 *(.trampolines*)
                0x00000048                __trampolines_end = .
 *(.jumptables)
 *(.jumptables*)
 *(.lowtext)
 *(.lowtext*)
                0x00000048                __ctors_start = .
 *(.ctors)
                0x00000048                __ctors_end = .
                0x00000048                __dtors_start = .
 *(.dtors)
                0x00000048                __dtors_end = .
 SORT(*)(.ctors)
 SORT(*)(.dtors)
 *(.init0)
 .init0         0x00000048        0x0 c:/winavr/bin/../lib/gcc/avr/4.1.1/../../../../avr/lib/crttn2313.o
                0x00000048                __init
 *(.init0)
 *(.init1)
 *(.init1)
 *(.init2)
 .init2         0x00000048        0x8 c:/winavr/bin/../lib/gcc/avr/4.1.1/../../../../avr/lib/crttn2313.o
 *(.init2)
 *(.init3)
 *(.init3)
 *(.init4)
 .init4         0x00000050       0x18 c:/winavr/bin/../lib/gcc/avr/4.1.1\libgcc.a(_copy_data.o)
                0x00000050                __do_copy_data
 .init4         0x00000068       0x10 c:/winavr/bin/../lib/gcc/avr/4.1.1\libgcc.a(_clear_bss.o)
                0x00000068                __do_clear_bss
 *(.init4)
 *(.init5)
 *(.init5)
 *(.init6)
 *(.init6)
 *(.init7)
 *(.init7)
 *(.init8)
 *(.init8)
 *(.init9)
 .init9         0x00000078        0x2 c:/winavr/bin/../lib/gcc/avr/4.1.1/../../../../avr/lib/crttn2313.o
 *(.init9)
 *(.text)
 .text          0x0000007a        0x2 c:/winavr/bin/../lib/gcc/avr/4.1.1/../../../../avr/lib/crttn2313.o
                0x0000007a                __vector_12
                0x0000007a                __bad_interrupt
                0x0000007a                __vector_6
                0x0000007a                __vector_3
                0x0000007a                __vector_11
                0x0000007a                __vector_17
                0x0000007a                __vector_7
                0x0000007a                __vector_5
                0x0000007a                __vector_9
                0x0000007a                __vector_2
                0x0000007a                __vector_15
                0x0000007a                __vector_8
                0x0000007a                __vector_14
                0x0000007a                __vector_10
                0x0000007a                __vector_16
                0x0000007a                __vector_18
 .text          0x0000007c      0x6a2 SignalDecoder.o
                0x0000007c                __vector_1
                0x0000014e                __vector_13
                0x00000302                main
                0x00000086                __vector_4
 .text          0x0000071e        0x0 c:/winavr/bin/../lib/gcc/avr/4.1.1\libgcc.a(_copy_data.o)
 .text          0x0000071e        0x0 c:/winavr/bin/../lib/gcc/avr/4.1.1\libgcc.a(_clear_bss.o)
 .text          0x0000071e        0x0 c:/winavr/bin/../lib/gcc/avr/4.1.1/../../../../avr/lib\libc.a(ee_rb.1C1D1E.o)
 .text          0x0000071e        0x0 c:/winavr/bin/../lib/gcc/avr/4.1.1/../../../../avr/lib\libc.a(ee_wb.1C1D1E.o)
                0x0000071e                . = ALIGN (0x2)
 *(.text.*)
 .text.libgcc   0x0000071e        0x0 c:/winavr/bin/../lib/gcc/avr/4.1.1\libgcc.a(_copy_data.o)
 .text.libgcc   0x0000071e        0x0 c:/winavr/bin/../lib/gcc/avr/4.1.1\libgcc.a(_clear_bss.o)
 .text.eeprom   0x0000071e       0x10 c:/winavr/bin/../lib/gcc/avr/4.1.1/../../../../avr/lib\libc.a(ee_rb.1C1D1E.o)
                0x0000071e                __eeprom_read_byte_1C1D1E
 .text.eeprom   0x0000072e       0x18 c:/winavr/bin/../lib/gcc/avr/4.1.1/../../../../avr/lib\libc.a(ee_wb.1C1D1E.o)
                0x0000072e                __eeprom_write_byte_1C1D1E
                0x00000746                . = ALIGN (0x2)
 *(.fini9)
 *(.fini9)
 *(.fini8)
 *(.fini8)
 *(.fini7)
 *(.fini7)
 *(.fini6)
 *(.fini6)
 *(.fini5)
 *(.fini5)
 *(.fini4)
 *(.fini4)
 *(.fini3)
 *(.fini3)
 *(.fini2)
 *(.fini2)
 *(.fini1)
 *(.fini1)
 *(.fini0)
 *(.fini0)
                0x00000746                _etext = .

.data           0x00800060        0x0 load address 0x00000746
                0x00800060                PROVIDE (__data_start, .)
 *(.data)
 .data          0x00800060        0x0 c:/winavr/bin/../lib/gcc/avr/4.1.1/../../../../avr/lib/crttn2313.o
 .data          0x00800060        0x0 SignalDecoder.o
 .data          0x00800060        0x0 c:/winavr/bin/../lib/gcc/avr/4.1.1\libgcc.a(_copy_data.o)
 .data          0x00800060        0x0 c:/winavr/bin/../lib/gcc/avr/4.1.1\libgcc.a(_clear_bss.o)
 .data          0x00800060        0x0 c:/winavr/bin/../lib/gcc/avr/4.1.1/../../../../avr/lib\libc.a(ee_rb.1C1D1E.o)
 .data          0x00800060        0x0 c:/winavr/bin/../lib/gcc/avr/4.1.1/../../../../avr/lib\libc.a(ee_wb.1C1D1E.o)
 *(.data*)
 *(.rodata)
 *(.rodata*)
 *(.gnu.linkonce.d*)
                0x00800060                . = ALIGN (0x2)
                0x00800060                _edata = .
                0x00800060                PROVIDE (__data_end, .)

.bss            0x00800060       0x54
                0x00800060                PROVIDE (__bss_start, .)
 *(.bss)
 .bss           0x00800060        0x0 c:/winavr/bin/../lib/gcc/avr/4.1.1/../../../../avr/lib/crttn2313.o
 .bss           0x00800060        0x0 SignalDecoder.o
 .bss           0x00800060        0x0 c:/winavr/bin/../lib/gcc/avr/4.1.1\libgcc.a(_copy_data.o)
 .bss           0x00800060        0x0 c:/winavr/bin/../lib/gcc/avr/4.1.1\libgcc.a(_clear_bss.o)
 .bss           0x00800060        0x0 c:/winavr/bin/../lib/gcc/avr/4.1.1/../../../../avr/lib\libc.a(ee_rb.1C1D1E.o)
 .bss           0x00800060        0x0 c:/winavr/bin/../lib/gcc/avr/4.1.1/../../../../avr/lib\libc.a(ee_wb.1C1D1E.o)
 *(.bss*)
 *(COMMON)
 COMMON         0x00800060       0x54 SignalDecoder.o
                0x00800060                MyOpMode
                0x00800061                hauptsignal_state
                0x00800062                vorsignal_state
                0x00800063                ReceivedCommand
                0x00800064                message
                0x0080006a                MyDelay
                0x0080006b                out_pwm
                0x008000ab                ReceivedAdr
                0x008000ad                AspectTarget
                0x008000ae                message_size
                0x008000af                cur_dimm
                0x008000b0                dccrec
                0x008000b4                PROVIDE (__bss_end, .)
                0x00000746                __data_load_start = LOADADDR (.data)
                0x00000746                __data_load_end = (__data_load_start + SIZEOF (.data))

.noinit         0x008000b4        0x0
                0x008000b4                PROVIDE (__noinit_start, .)
 *(.noinit*)
                0x008000b4                PROVIDE (__noinit_end, .)
                0x008000b4                _end = .
                0x008000b4                PROVIDE (__heap_start, .)

.eeprom         0x00810000       0x77
 *(.eeprom*)
 .eeprom        0x00810000       0x77 SignalDecoder.o
                0x00810067                EE_Signal_bin_Valid
                0x00810006                EE_vorsignal_state
                0x00810005                EE_hauptsignal_state
                0x00810004                EE_LastState
                0x00810017                EE_Signal_DB3_Pattern
                0x0081002f                EE_Signal_DB4_Valid
                0x0081001f                EE_Signal_DB3_Valid
                0x0081000f                EE_Signal_DB2_Valid
                0x00810027                EE_Signal_DB4_Pattern
                0x00810057                EE_Signal_bin_Pattern
                0x00810007                EE_Signal_DB2_Pattern
                0x00810001                EE_myAdrL
                0x00810000                EE_empty
                0x00810037                EE_Signal_comb_Pattern
                0x00810003                EE_myOpMode
                0x00810047                EE_Signal_comb_Valid
                0x00810002                EE_myAdrH
                0x00810077                __eeprom_end = .

.stab           0x00000000      0x354
 *(.stab)
 .stab          0x00000000      0x354 c:/winavr/bin/../lib/gcc/avr/4.1.1/../../../../avr/lib/crttn2313.o

.stabstr        0x00000000       0x84
 *(.stabstr)
 .stabstr       0x00000000       0x84 c:/winavr/bin/../lib/gcc/avr/4.1.1/../../../../avr/lib/crttn2313.o

.stab.excl
 *(.stab.excl)

.stab.exclstr
 *(.stab.exclstr)

.stab.index
 *(.stab.index)

.stab.indexstr
 *(.stab.indexstr)

.comment
 *(.comment)

.debug
 *(.debug)

.line
 *(.line)

.debug_srcinfo
 *(.debug_srcinfo)

.debug_sfnames
 *(.debug_sfnames)

.debug_aranges  0x00000000       0x20
 *(.debug_aranges)
 .debug_aranges
                0x00000000       0x20 SignalDecoder.o

.debug_pubnames
                0x00000000      0x28b
 *(.debug_pubnames)
 .debug_pubnames
                0x00000000      0x28b SignalDecoder.o

.debug_info     0x00000000      0xe98
 *(.debug_info)
 .debug_info    0x00000000      0xe98 SignalDecoder.o
 *(.gnu.linkonce.wi.*)

.debug_abbrev   0x00000000      0x2a8
 *(.debug_abbrev)
 .debug_abbrev  0x00000000      0x2a8 SignalDecoder.o

.debug_line     0x00000000      0xab0
 *(.debug_line)
 .debug_line    0x00000000      0xab0 SignalDecoder.o

.debug_frame    0x00000000       0x70
 *(.debug_frame)
 .debug_frame   0x00000000       0x70 SignalDecoder.o

.debug_str      0x00000000      0x435
 *(.debug_str)
 .debug_str     0x00000000      0x435 SignalDecoder.o
                                0x4d8 (size before relaxing)

.debug_loc      0x00000000      0x5ea
 *(.debug_loc)
 .debug_loc     0x00000000      0x5ea SignalDecoder.o

.debug_macinfo
 *(.debug_macinfo)
OUTPUT(SignalDecoder.elf elf32-avr)
LOAD linker stubs

.debug_ranges   0x00000000       0x20
 .debug_ranges  0x00000000       0x20 SignalDecoder.o
